accountsservice
aconfmgr-git
aerc
age
alsa-utils
android-sdk-platform-tools
android-tools
arandr
arch-wiki-docs
arch-wiki-lite
archlinux-menus
archlinux-themes-sddm
atuin
aurutils
autoconf
autofs
automake
autorandr
base
bash-language-server
bat
bat-extras
bdf-unifont
bear
binutils
bison
bitwarden
bitwarden-cli
blueberry
blueman
bluez-git
brightnessctl
bspwm
btop
caffeine-ng
caprine
ccls
ccrypt
chezmoi
clang
clight
clight-gui-git
clightd
cmake
connman
cronie
cups
cups-pk-helper
dante
ddcci-driver-linux-dkms
ddcutil
debtap
deno
devtools
dialog
discord
dmenu
dnsmasq
docker
docker-compose
easyeffects
efibootmgr
efitools
electron19
emacs-nativecomp
entr
esbuild-git
eslint
exa
fakeroot
fd
feh
ffmpegthumbnailer
file
findutils
firefox
fish
flameshot
flatpak
flatpak-xdg-utils
flex
foomatic-db
foomatic-db-engine
foomatic-db-nonfree
fzf
gawk
gcc
gdm-plymouth
gdrive
gdrivefs
gettext
git
git-credential-manager-core-bin
git-delta
globalprotect-openconnect
gnome-keyring-query
gnome-multi-writer
gnu-netcat
go
google-chrome
gparted
gpicview
grep
groff
grub
gst-plugins-good
gufw
gvfs-goa
gvfs-google
gvfs-mtp
gvfs-nfs
gvfs-smb
gzip
heimdall
htop-vim
httpie
hwdetect
i3-gaps
img2sdat-git
inetutils
insomnia-bin
intel-media-sdk
intel-ucode
j4-dmenu-desktop
jodin3-bin
joplin-appimage
jq
kimageformats
kitty
kitty-shell-integration
kitty-terminfo
krita
krita-plugin-gmic
kseexpr
ksnip
libmypaint
libnautilus-extension
libtool
libva-mesa-driver
light-locker
light-locker-settings
lightdm
lightdm-gtk-greeter
lightdm-gtk-greeter-settings
lightdm-pantheon-greeter
lightdm-slick-greeter
lightdm-webkit-theme-aether
linux
linux-firmware
linux-headers
lsp-meta
lua-language-server
luarocks
lxappearance
lxappearance-obconf
lxde-common
lxde-icon-theme
lxdm
lxhotkey
lxinput
lxlauncher
lxmusic
lxpanel
lxrandr
lxsession
lxtask
lxterminal
m4
make
makepkg-meta
man-db
man-pages
mariadb
mariadb-clients
mda.lv2
mkcert
mkinitcpio-firmware
mokutil
moreutils
mpc
mpd
msmtp-mta
multicolor-sddm-theme
nautilus
nautilus-share
ncdu
nerd-fonts-complete
nerd-fonts-dejavu-complete
networkmanager-openconnect
networkmanager-openvpn
nfs-utils
nfsidmap
nginx
ninja
nodenv
nodenv-node-build
noto-fonts-emoji
npm
nss-mdns
ntfs-3g
ntp
nvidia
nvidia-settings
nvidia-utils
nvtop
obs-studio
openbox
openconnect
openoffice-bin
openssh
os-prober
pacman
pamixer
pass
pass-import
patch
pavucontrol
pcmanfm
pesign
picom-ibhagwan-git
pipewire
pipewire-pulse
pipewire-v4l2
pipewire-x11-bell
pkgconf
playerctl
plocate
plymouth
plymouth-theme-dark-arch
pnpm-bin
polari
polkit-gnome
polkit-qt5
polybar
poppler-qt5
postman-bin
powerline
preloader-signed
prettier
pulseaudio-module-xrdp
pwgen
python-black
python-magic
python-pip
python-pyalsa
python-pykeepass
python-pynvim
python-pyqt5
python-secretstorage
python-unidecode
python2-neovim-git
qbittorrent
qmk
qrencode
qt5-styleplugins
qt5-webengine
qt5ct
ranger-git
rclone
rclone-browser
reflector
renameutils
repo
ripgrep
rmlint
rsync
rttt-git
rustup
samloader-git
sbctl
sbsigntools
screenfetch
sdat2img-git
sddm
sddm-breath-theme
sddm-config-editor-git
sddm-elegant-theme-git
sddm-maia-theme
sddm-nordic-theme-git
sddm-sugar-candy-git
sddm-sugar-dark
sddm-theme-abstractdark-git
sddm-theme-amadeus-git
sddm-theme-astronaut
sddm-theme-catppuccin-git
sddm-theme-redrock
seahorse
seahorse-nautilus
sed
sensual-sddm-theme-git
shellcheck-bin
shfmt
shim-signed
signal-desktop
siji-git
simplicity-sddm-theme-git
slack-desktop
socat
solaar
speedtest-cli
spotifywm-git
sqlitestudio
sqlitestudio-plugins
ssh-tools
sshfs
sshmnt
step-ca
step-cli
stow
stylua
sudo
sushi
sxhkd
system-config-printer
systemd-resolvconf
telegram-desktop
texinfo
themix-full-git
tmux
tor
transmission-qt
trash-cli
tree
tree-sitter
ttf-dejavu
ttf-dejavu-sans-code
ttf-font-awesome
ttf-font-icons
ttf-ubuntu-font-family
ttf-unifont
unzip
upscayl-bin
urbanlifestyle-sddm-theme
usbutils
v4l2loopback-dkms
v4l2loopback-utils
vde2
ventoy-bin
vim
virtualbox
virtualbox-guest-iso
virtualbox-guest-utils
virtualbox-host-modules-arch
visual-studio-code-bin
vlc
vte3
w3m
websocat
wget
which
wireguard-tools
wireless_tools
wireplumber
wmctrl
wol
x11vnc
xarchiver
xautolock
xclip
xdg-desktop-portal
xdg-user-dirs
xdo
xdotool
xf86-input-evdev
xf86-input-synaptics
xf86-input-vmmouse
xf86-input-void
xf86-video-amdgpu
xf86-video-ati
xf86-video-dummy
xf86-video-fbdev
xf86-video-intel
xf86-video-nouveau
xf86-video-openchrome
xf86-video-qxl
xf86-video-vesa
xf86-video-voodoo
xfce4-settings
xorg-bdftopcf
xorg-docs
xorg-font-util
xorg-fonts-100dpi
xorg-fonts-75dpi
xorg-fonts-encodings
xorg-iceauth
xorg-mkfontscale
xorg-server
xorg-server-common
xorg-server-devel
xorg-server-xephyr
xorg-server-xnest
xorg-server-xvfb
xorg-sessreg
xorg-setxkbmap
xorg-smproxy
xorg-twm
xorg-x11perf
xorg-xauth
xorg-xbacklight
xorg-xcmsdb
xorg-xcursorgen
xorg-xdpyinfo
xorg-xdriinfo
xorg-xev
xorg-xgamma
xorg-xhost
xorg-xinit
xorg-xinput
xorg-xkbcomp
xorg-xkbevd
xorg-xkbutils
xorg-xkill
xorg-xlsatoms
xorg-xlsclients
xorg-xmodmap
xorg-xpr
xorg-xprop
xorg-xrandr
xorg-xrdb
xorg-xrefresh
xorg-xset
xorg-xsetroot
xorg-xvinfo
xorg-xwayland
xorg-xwd
xorg-xwininfo
xorg-xwud
xorgxrdp-nvidia
xrdp
xscreensaver
xterm
xtitle
yarn
yay
zoom
zsh
